grade  9 biyoloji             : 8 fasikul [1, 2, 3, 4, 5, 6, 7, 8]
   f1: ~14 pages
   f2: ~24 pages
   f3: ~20 pages
   f4: ~24 pages
   f5: ~24 pages
   f6: ~20 pages
   f7: ~20 pages
   f8: ~20 pages
grade  9 cografya             : 8 fasikul [1, 2, 3, 4, 5, 6, 7, 8]
   f1: ~16 pages
   f2: ~20 pages
   f3: ~20 pages
   f4: ~24 pages
   f5: ~20 pages
   f6: ~20 pages
   f7: ~20 pages
   f8: ~20 pages
grade  9 fizik                : 8 fasikul [1, 2, 3, 4, 5, 6, 7, 8]
   f1: ~18 pages
   f2: ~28 pages
   f3: ~28 pages
   f4: ~28 pages
   f5: ~24 pages
   f6: ~28 pages
   f7: ~32 pages
   f8: ~35 pages
grade  9 ingilizce            : 8 fasikul [1, 2, 3, 4, 5, 6, 7, 8]
   f1: ~20 pages
   f2: ~20 pages
   f3: ~28 pages
   f4: ~24 pages
   f5: ~20 pages
   f6: ~24 pages
   f7: ~20 pages
   f8: ~20 pages
grade  9 kimya                : 8 fasikul [1, 2, 3, 4, 5, 6, 7, 8]
   f1: ~17 pages
   f2: ~24 pages
   f3: ~24 pages
   f4: ~20 pages
   f5: ~26 pages
   f6: ~26 pages
   f7: ~34 pages
   f8: ~30 pages
grade  9 matematik            : 8 fasikul [1, 2, 3, 4, 5, 6, 7, 8]
   f1: ~17 pages
   f2: ~16 pages
   f3: ~20 pages
   f4: ~24 pages
   f5: ~24 pages
   f6: ~23 pages
   f7: ~20 pages
   f8: ~24 pages
grade  9 tarih                : 8 fasikul [1, 2, 3, 4, 5, 6, 7, 8]
   f1: ~18 pages
   f2: ~24 pages
   f3: ~28 pages
   f4: ~28 pages
   f5: ~26 pages
   f6: ~32 pages
   f7: ~32 pages
   f8: ~48 pages
grade  9 turk-dili-edebiyat   : 8 fasikul [1, 2, 3, 4, 5, 6, 7, 8]
   f1: ~15 pages
   f2: ~16 pages
   f3: ~20 pages
   f4: ~24 pages
   f5: ~28 pages
   f6: ~33 pages
   f7: ~33 pages
   f8: ~33 pages
grade 10 biyoloji             : 8 fasikul [1, 2, 3, 4, 5, 6, 7, 8]
   f1: ~18 pages
   f2: ~20 pages
   f3: ~20 pages
   f4: ~20 pages
   f5: ~20 pages
   f6: ~20 pages
   f7: ~20 pages
   f8: ~24 pages
grade 10 cografya             : 8 fasikul [1, 2, 3, 4, 5, 6, 7, 8]
   f1: ~16 pages
   f2: ~20 pages
   f3: ~20 pages
   f4: ~20 pages
   f5: ~20 pages
   f6: ~24 pages
   f7: ~24 pages
   f8: ~24 pages
grade 10 felsefe              : 8 fasikul [1, 2, 3, 4, 5, 6, 7, 8]
   f1: ~14 pages
   f2: ~20 pages
   f3: ~22 pages
   f4: ~28 pages
   f5: ~24 pages
   f6: ~24 pages
   f7: ~30 pages
   f8: ~40 pages
grade 10 fizik                : 8 fasikul [1, 2, 3, 4, 5, 6, 7, 8]
   f1: ~17 pages
   f2: ~20 pages
   f3: ~24 pages
   f4: ~28 pages
   f5: ~28 pages
   f6: ~28 pages
   f7: ~24 pages
   f8: ~24 pages
grade 10 ingilizce            : 8 fasikul [1, 2, 3, 4, 5, 6, 7, 8]
   f1: ~14 pages
   f2: ~20 pages
   f3: ~26 pages
   f4: ~24 pages
   f5: ~20 pages
   f6: ~22 pages
   f7: ~20 pages
   f8: ~20 pages
grade 10 kimya                : 8 fasikul [1, 2, 3, 4, 5, 6, 7, 8]
   f1: ~15 pages
   f2: ~28 pages
   f3: ~24 pages
   f4: ~28 pages
   f5: ~30 pages
   f6: ~30 pages
   f7: ~28 pages
   f8: ~28 pages
grade 10 matematik            : 8 fasikul [1, 2, 3, 4, 5, 6, 7, 8]
   f1: ~16 pages
   f2: ~17 pages
   f3: ~20 pages
   f4: ~20 pages
   f5: ~20 pages
   f6: ~20 pages
   f7: ~20 pages
   f8: ~24 pages
grade 10 tarih                : 8 fasikul [1, 2, 3, 4, 5, 6, 7, 8]
   f1: ~16 pages
   f2: ~24 pages
   f3: ~28 pages
   f4: ~28 pages
   f5: ~28 pages
   f6: ~34 pages
   f7: ~30 pages
   f8: ~52 pages
grade 10 turk-dili-edebiyat   : 8 fasikul [1, 2, 3, 4, 5, 6, 7, 8]
   f1: ~15 pages
   f2: ~16 pages
   f3: ~20 pages
   f4: ~24 pages
   f5: ~30 pages
   f6: ~33 pages
   f7: ~34 pages
   f8: ~33 pages
grade 11 biyoloji             : 8 fasikul [1, 2, 3, 4, 5, 6, 7, 8]
   f1: ~16 pages
   f2: ~24 pages
   f3: ~24 pages
   f4: ~24 pages
   f5: ~20 pages
   f6: ~24 pages
   f7: ~24 pages
   f8: ~24 pages
grade 11 cografya             : 8 fasikul [1, 2, 3, 4, 5, 6, 7, 8]
   f1: ~16 pages
   f2: ~24 pages
   f3: ~20 pages
   f4: ~24 pages
   f5: ~20 pages
   f6: ~24 pages
   f7: ~20 pages
   f8: ~20 pages
grade 11 felsefe              : 8 fasikul [1, 2, 3, 4, 5, 6, 7, 8]
   f1: ~14 pages
   f2: ~20 pages
   f3: ~24 pages
   f4: ~28 pages
   f5: ~24 pages
   f6: ~28 pages
   f7: ~29 pages
   f8: ~28 pages
grade 11 fizik                : 8 fasikul [1, 2, 3, 4, 5, 6, 7, 8]
   f1: ~19 pages
   f2: ~28 pages
   f3: ~28 pages
   f4: ~28 pages
   f5: ~36 pages
   f6: ~32 pages
   f7: ~36 pages
   f8: ~36 pages
grade 11 ingilizce            : 8 fasikul [1, 2, 3, 4, 5, 6, 7, 8]
   f1: ~14 pages
   f2: ~24 pages
   f3: ~28 pages
   f4: ~20 pages
   f5: ~20 pages
   f6: ~24 pages
   f7: ~20 pages
   f8: ~20 pages
grade 11 kimya                : 8 fasikul [1, 2, 3, 4, 5, 6, 7, 8]
   f1: ~17 pages
   f2: ~20 pages
   f3: ~24 pages
   f4: ~28 pages
   f5: ~24 pages
   f6: ~30 pages
   f7: ~38 pages
   f8: ~34 pages
grade 11 matematik            : 8 fasikul [1, 2, 3, 4, 5, 6, 7, 8]
   f1: ~16 pages
   f2: ~20 pages
   f3: ~24 pages
   f4: ~20 pages
   f5: ~20 pages
   f6: ~20 pages
   f7: ~20 pages
   f8: ~16 pages
grade 11 tarih                : 8 fasikul [1, 2, 3, 4, 5, 6, 7, 8]
   f1: ~15 pages
   f2: ~24 pages
   f3: ~28 pages
   f4: ~28 pages
   f5: ~24 pages
   f6: ~30 pages
   f7: ~36 pages
   f8: ~44 pages
grade 11 turk-dili-edebiyat   : 8 fasikul [1, 2, 3, 4, 5, 6, 7, 8]
   f1: ~15 pages
   f2: ~20 pages
   f3: ~20 pages
   f4: ~24 pages
   f5: ~25 pages
   f6: ~28 pages
   f7: ~33 pages
   f8: ~33 pages
grade 12 biyoloji             : 8 fasikul [1, 2, 3, 4, 5, 6, 7, 8]
   f1: ~14 pages
   f2: ~20 pages
   f3: ~20 pages
   f4: ~24 pages
   f5: ~20 pages
   f6: ~24 pages
   f7: ~24 pages
   f8: ~20 pages
grade 12 cografya             : 8 fasikul [1, 2, 3, 4, 5, 6, 7, 8]
   f1: ~16 pages
   f2: ~24 pages
   f3: ~24 pages
   f4: ~20 pages
   f5: ~24 pages
   f6: ~24 pages
   f7: ~24 pages
   f8: ~22 pages
grade 12 fizik                : 8 fasikul [1, 2, 3, 4, 5, 6, 7, 8]
   f1: ~17 pages
   f2: ~24 pages
   f3: ~24 pages
   f4: ~28 pages
   f5: ~36 pages
   f6: ~36 pages
   f7: ~28 pages
   f8: ~28 pages
grade 12 ingilizce            : 8 fasikul [1, 2, 3, 4, 5, 6, 7, 8]
   f1: ~15 pages
   f2: ~20 pages
   f3: ~24 pages
   f4: ~20 pages
   f5: ~20 pages
   f6: ~24 pages
   f7: ~20 pages
   f8: ~20 pages
grade 12 kimya                : 8 fasikul [1, 2, 3, 4, 5, 6, 7, 8]
   f1: ~17 pages
   f2: ~20 pages
   f3: ~24 pages
   f4: ~24 pages
   f5: ~22 pages
   f6: ~26 pages
   f7: ~36 pages
   f8: ~28 pages
grade 12 matematik            : 8 fasikul [1, 2, 3, 4, 5, 6, 7, 8]
   f1: ~16 pages
   f2: ~16 pages
   f3: ~20 pages
   f4: ~20 pages
   f5: ~20 pages
   f6: ~20 pages
   f7: ~24 pages
   f8: ~24 pages
grade 12 turk-dili-edebiyat   : 8 fasikul [1, 2, 3, 4, 5, 6, 7, 8]
   f1: ~14 pages
   f2: ~20 pages
   f3: ~20 pages
   f4: ~24 pages
   f5: ~30 pages
   f6: ~33 pages
   f7: ~35 pages
   f8: ~32 pages
-- grade 12 inkilap              : 0 fasikul

==== B SUMMARY ==== subjects:33 pages_new:6264 skipped:16 free:43.3GB
