OK grade  9 biyoloji             : 30 items (idx written)
OK grade  9 cografya             : 30 items (idx written)
OK grade  9 fizik                : 32 items (idx written)
OK grade  9 ingilizce            : 32 items (idx written)
OK grade  9 kimya                : 28 items (idx written)
OK grade  9 matematik            : 44 items (idx written)
OK grade  9 tarih                : 32 items (idx written)
OK grade  9 turk-dili-edebiyat   : 45 items (idx written)
OK grade 10 biyoloji             : 30 items (idx written)
OK grade 10 cografya             : 29 items (idx written)
OK grade 10 felsefe              : 30 items (idx written)
OK grade 10 fizik                : 32 items (idx written)
OK grade 10 ingilizce            : 32 items (idx written)
OK grade 10 kimya                : 28 items (idx written)
OK grade 10 matematik            : 43 items (idx written)
OK grade 10 tarih                : 32 items (idx written)
OK grade 10 turk-dili-edebiyat   : 48 items (idx written)
OK grade 11 biyoloji             : 30 items (idx written)
OK grade 11 cografya             : 29 items (idx written)
OK grade 11 felsefe              : 30 items (idx written)
OK grade 11 fizik                : 32 items (idx written)
OK grade 11 ingilizce            : 31 items (idx written)
OK grade 11 kimya                : 28 items (idx written)
OK grade 11 matematik            : 44 items (idx written)
OK grade 11 tarih                : 32 items (idx written)
OK grade 11 turk-dili-edebiyat   : 48 items (idx written)
OK grade 12 biyoloji             : 30 items (idx written)
OK grade 12 cografya             : 29 items (idx written)
OK grade 12 fizik                : 33 items (idx written)
OK grade 12 ingilizce            : 32 items (idx written)
OK grade 12 kimya                : 29 items (idx written)
OK grade 12 matematik            : 49 items (idx written)
OK grade 12 turk-dili-edebiyat   : 48 items (idx written)
OK grade 12 inkilap              : 33 items (idx written)

==== A SUMMARY ==== subjects:34 pdfs_new:1162 skipped:2 free:40.0GB
